// Jest Snapshot v1, https://goo.gl/fbAQLP

exports[`test on <HeroScreen/> should show <redirect/> is there wasnt args in URL 1`] = `""`;
